// Jest Snapshot v1, https://goo.gl/fbAQLP

exports[`panic-installer-sources-cards renders 1`] = `<panic-installer-sources-cards class="hydrated"></panic-installer-sources-cards>`;
